src/api/razorpaySync.ts(136,32): error TS7006: Parameter 'p' implicitly has an 'any' type.
src/api/razorpaySync.ts(137,30): error TS7006: Parameter 'p' implicitly has an 'any' type.
src/api/razorpaySync.ts(138,29): error TS7006: Parameter 'p' implicitly has an 'any' type.
src/api/razorpaySync.ts(139,34): error TS7006: Parameter 'sum' implicitly has an 'any' type.
src/api/razorpaySync.ts(139,39): error TS7006: Parameter 'p' implicitly has an 'any' type.
src/api/razorpaySync.ts(141,23): error TS7006: Parameter 'p' implicitly has an 'any' type.
src/api/razorpaySync.ts(141,63): error TS7006: Parameter 'sum' implicitly has an 'any' type.
src/api/razorpaySync.ts(141,68): error TS7006: Parameter 'p' implicitly has an 'any' type.
src/main.tsx(9,42): error TS2339: Property 'env' does not exist on type 'ImportMeta'.
