src/api/razorpaySync.ts(5,11): error TS6196: 'RazorpayOrder' is declared but never used.
src/api/razorpaySync.ts(14,11): error TS6196: 'RazorpayPayment' is declared but never used.
src/api/razorpaySync.ts(79,41): error TS6133: 'orderId' is declared but its value is never read.
src/api/razorpaySync.ts(79,65): error TS6133: 'paymentId' is declared but its value is never read.
src/api/razorpaySync.ts(136,32): error TS7006: Parameter 'p' implicitly has an 'any' type.
src/api/razorpaySync.ts(137,30): error TS7006: Parameter 'p' implicitly has an 'any' type.
src/api/razorpaySync.ts(138,29): error TS7006: Parameter 'p' implicitly has an 'any' type.
src/api/razorpaySync.ts(139,34): error TS7006: Parameter 'sum' implicitly has an 'any' type.
src/api/razorpaySync.ts(139,39): error TS7006: Parameter 'p' implicitly has an 'any' type.
src/api/razorpaySync.ts(141,23): error TS7006: Parameter 'p' implicitly has an 'any' type.
src/api/razorpaySync.ts(141,63): error TS7006: Parameter 'sum' implicitly has an 'any' type.
src/api/razorpaySync.ts(141,68): error TS7006: Parameter 'p' implicitly has an 'any' type.
src/main.tsx(9,42): error TS2339: Property 'env' does not exist on type 'ImportMeta'.
src/pages/TournamentOrganizersPage.tsx(3,1): error TS6133: 'TournamentOrganizer' is declared but its value is never read.
